2025-10-30 – Creación de script de arranque unificado
- Archivo: lanzar_lab.sh (root del proyecto).
- Función: iniciar con un comando el servidor HTTP (aircraft.json), Co-ATC (go run ./cmd/server) y el simulador BCN (python3 simulador_bcn.py).
- Logs generados: logs/feed_http.log, logs/co_atc.log, logs/simulador.log, más pids.env con FEED_PID, CO_ATC_PID y SIM_PID.
- Documentación asociada: lanzar_lab.md (uso, requisitos y cómo detener los procesos).
- Sin cambios en código fuente ni configuración; solo orquestación de arranque.

2025-10-30 – Script de parada
- Archivo: detener_lab.sh
- Función: lee logs/pids.env, carga FEED_PID/CO_ATC_PID/SIM_PID y mata cada proceso (o avisa si falta).

2025-10-30 – Mejora de arranque/parada y tail en vivo
- lanzar_lab.sh ahora mata instancias previas (si existen), arranca servicios, guarda PIDs (incluye TAIL_PID) y lanza un tail -f de logs en vivo.
- detener_lab.sh incluye comprobación de PIDs en ejecución y elimina el fichero de PIDs al finalizar.
- lanzar_lab.md actualizado con instrucciones de parada y variables añadidas.

2025-12-02 – Limpieza por patrones cuando falta pids.env
- detener_lab.sh intenta matar procesos por patrón (http.server 9000, go run ./cmd/server, simulador_bcn.py, tail -f) si el fichero de PIDs no está disponible.

2025-12-02 – Reset opcional en arranque
- lanzar_lab.sh permite borrar `co-atc-main/data/co-atc-*.db` sólo si se exporta `RESET_COATC_DB=1` (por defecto se mantienen las bases).

2025-12-02 – Espera de servidor antes de lanzar el simulador
- lanzar_lab.sh incluye `wait_for_port` para comprobar que Co-ATC escucha en 8000 (timeout 30 s) antes de arrancar el simulador, evitando errores de conexión.

2025-12-02 – Ejecución desde binario compilado
- lanzar_lab.sh compila Co-ATC a `bin/co-atc` si no existe o si se exporta `FORCE_BUILD=1`, y arranca el binario en lugar de `go run` para reducir tiempos y evitar esperas prolongadas.

2025-12-02 – Uso de config.toml y binding explícito
- lanzar_lab.sh arranca Co-ATC como binario con `-config configs/config.toml` (LEBL y feed local), y fija el servidor http.server a 127.0.0.1:9000.
- detener_lab.sh añade patrón `bin/co-atc` para matarlo aunque no exista pids.env.
- lanzar_lab.md actualizado con estos cambios.

2025-12-02 – Limpieza de residuos y BDs WAL
- lanzar_lab.sh mata procesos residuales (http.server 9000, bin/co-atc, go run, simulador, tail, tmp/go-build) antes de arrancar si no hay pids.env.
- El reset ahora borra también ficheros WAL/SHM de SQLite para evitar errores de E/S al crear las tablas.

2025-12-02 – Inyeccion acelerada de vuelos
- simulador_bcn_pkg/cli.py usa ahora factor de tiempo por defecto 600 (línea temporal comprimida: ~30 min sim = 3 s reales).
- lanzar_lab.sh permite ajustar el factor con env SIM_FACTOR_TIEMPO (por defecto 600.0) y lo muestra en el arranque.
- lanzar_lab.md actualizado indicando el factor acelerado para inyectar muchos aviones de golpe.

2025-12-02 – Rutas de aproximacion detalladas y VR limitada
- simulador_bcn_pkg/builders.py añade puntos intermedios (DOWNWIND_N, BASE_07L/07R, IF_07L/07R) y extiende las STAR para EZY8104, RYR611, DLH1421 y AFR1738 con downwind/base/intercepto ILS para trayectorias más realistas.
- simulador_bcn_pkg/models.py limita las razones verticales calculadas a ±3000 fpm para evitar rechazos de la API.

2025-12-02 – Ajuste de aceleracion por defecto
- Factor de tiempo por defecto reducido a 120 (simulador y launcher con SIM_FACTOR_TIEMPO=120.0) para que se vean mejor los giros/SECs sin perder rapidez de inyección.

2025-12-02 – Docker Compose para Elastic Stack (SIEM)
- Se añade `docker-compose.yml` (Elasticsearch, Kibana, Logstash 8.15.3, seguridad básica con usuario elastic/ELASTIC_PASSWORD).
- Pipeline inicial en `logstash/pipeline/logstash.conf`: inputs Beats (5044) y HTTP JSON (5045), normalización de ADS-B (lat/lon, altitude, velocity, vertical_rate), geo_point `location`, index `adsb-*`.
