{"timestamp": "2025-12-04T15:52:32.1699409Z", "hex": "581493", "flight": "SIM793", "is_simulated": true, "lat": 41.2863, "lon": 2.0886, "altitude": 0, "speed": 0, "heading": 85, "vertical_rate": 0, "on_ground": true, "anomaly_flags": [], "source": "co_atc_api"}
{"timestamp": "2025-12-04T15:52:33.175089611Z", "hex": "581493", "flight": "SIM793", "is_simulated": true, "lat": 41.2863, "lon": 2.0886, "altitude": 0, "speed": 0, "heading": 85, "vertical_rate": 0, "on_ground": true, "anomaly_flags": [], "source": "co_atc_api"}
{"timestamp": "2025-12-04T15:52:34.181064798Z", "hex": "581493", "flight": "SIM793", "is_simulated": true, "lat": 41.2863, "lon": 2.0886, "altitude": 0, "speed": 0, "heading": 85, "vertical_rate": 0, "on_ground": true, "anomaly_flags": [], "source": "co_atc_api"}
{"timestamp": "2025-12-04T15:52:35.186148021Z", "hex": "581493", "flight": "SIM793", "is_simulated": true, "lat": 41.2863, "lon": 2.0886, "altitude": 0, "speed": 0, "heading": 85, "vertical_rate": 0, "on_ground": true, "anomaly_flags": [], "source": "co_atc_api"}
{"timestamp": "2025-12-04T15:52:36.191500038Z", "hex": "581493", "flight": "SIM793", "is_simulated": true, "lat": 41.2863, "lon": 2.0886, "altitude": 0, "speed": 0, "heading": 85, "vertical_rate": 0, "on_ground": true, "anomaly_flags": [], "source": "co_atc_api"}
{"timestamp": "2025-12-04T15:52:37.197126381Z", "hex": "581493", "flight": "SIM793", "is_simulated": true, "lat": 41.2863, "lon": 2.0886, "altitude": 0, "speed": 0, "heading": 85, "vertical_rate": 0, "on_ground": true, "anomaly_flags": [], "source": "co_atc_api"}
{"timestamp": "2025-12-04T15:52:38.20175621Z", "hex": "581493", "flight": "SIM793", "is_simulated": true, "lat": 41.2863, "lon": 2.0886, "altitude": 0, "speed": 0, "heading": 85, "vertical_rate": 0, "on_ground": true, "anomaly_flags": [], "source": "co_atc_api"}
{"timestamp": "2025-12-04T15:52:39.207395797Z", "hex": "581493", "flight": "SIM793", "is_simulated": true, "lat": 41.2863, "lon": 2.0886, "altitude": 0, "speed": 0, "heading": 85, "vertical_rate": 0, "on_ground": true, "anomaly_flags": [], "source": "co_atc_api"}
{"timestamp": "2025-12-04T15:52:40.212509651Z", "hex": "581493", "flight": "SIM793", "is_simulated": true, "lat": 41.2863, "lon": 2.0886, "altitude": 0, "speed": 0, "heading": 85, "vertical_rate": 0, "on_ground": true, "anomaly_flags": [], "source": "co_atc_api"}
{"timestamp": "2025-12-04T15:52:41.216754519Z", "hex": "581493", "flight": "SIM793", "is_simulated": true, "lat": 41.2863, "lon": 2.0886, "altitude": 0, "speed": 0, "heading": 85, "vertical_rate": 0, "on_ground": true, "anomaly_flags": [], "source": "co_atc_api"}
{"timestamp": "2025-12-04T15:52:42.2222651Z", "hex": "581493", "flight": "SIM793", "is_simulated": true, "lat": 41.2863, "lon": 2.0886, "altitude": 0, "speed": 0, "heading": 85, "vertical_rate": 0, "on_ground": true, "anomaly_flags": [], "source": "co_atc_api"}
{"timestamp": "2025-12-04T15:52:42.2222651Z", "hex": "441E0F", "flight": "SIM518", "is_simulated": true, "lat": 41.2916, "lon": 2.0743, "altitude": 0, "speed": 0, "heading": 85, "vertical_rate": 0, "on_ground": true, "anomaly_flags": [], "source": "co_atc_api"}
{"timestamp": "2025-12-04T15:52:43.228040573Z", "hex": "581493", "flight": "SIM793", "is_simulated": true, "lat": 41.2863, "lon": 2.0886, "altitude": 0, "speed": 0, "heading": 85, "vertical_rate": 0, "on_ground": true, "anomaly_flags": [], "source": "co_atc_api"}
{"timestamp": "2025-12-04T15:52:43.228040573Z", "hex": "441E0F", "flight": "SIM518", "is_simulated": true, "lat": 41.2916, "lon": 2.0743, "altitude": 0, "speed": 0, "heading": 85, "vertical_rate": 0, "on_ground": true, "anomaly_flags": [], "source": "co_atc_api"}
{"timestamp": "2025-12-04T15:52:44.23329805Z", "hex": "581493", "flight": "SIM793", "is_simulated": true, "lat": 41.2863, "lon": 2.0886, "altitude": 0, "speed": 0, "heading": 85, "vertical_rate": 0, "on_ground": true, "anomaly_flags": [], "source": "co_atc_api"}
{"timestamp": "2025-12-04T15:52:44.23329805Z", "hex": "441E0F", "flight": "SIM518", "is_simulated": true, "lat": 41.2916, "lon": 2.0743, "altitude": 0, "speed": 0, "heading": 85, "vertical_rate": 0, "on_ground": true, "anomaly_flags": [], "source": "co_atc_api"}
{"timestamp": "2025-12-04T15:52:45.23778602Z", "hex": "581493", "flight": "SIM793", "is_simulated": true, "lat": 41.2863, "lon": 2.0886, "altitude": 0, "speed": 0, "heading": 85, "vertical_rate": 0, "on_ground": true, "anomaly_flags": [], "source": "co_atc_api"}
{"timestamp": "2025-12-04T15:52:45.23778602Z", "hex": "441E0F", "flight": "SIM518", "is_simulated": true, "lat": 41.2916, "lon": 2.0743, "altitude": 0, "speed": 0, "heading": 85, "vertical_rate": 0, "on_ground": true, "anomaly_flags": [], "source": "co_atc_api"}
{"timestamp": "2025-12-04T15:52:46.243622658Z", "hex": "581493", "flight": "SIM793", "is_simulated": true, "lat": 41.2863, "lon": 2.0886, "altitude": 0, "speed": 0, "heading": 85, "vertical_rate": 0, "on_ground": true, "anomaly_flags": [], "source": "co_atc_api"}
{"timestamp": "2025-12-04T15:52:46.243622658Z", "hex": "441E0F", "flight": "SIM518", "is_simulated": true, "lat": 41.2916, "lon": 2.0743, "altitude": 0, "speed": 0, "heading": 85, "vertical_rate": 0, "on_ground": true, "anomaly_flags": [], "source": "co_atc_api"}
{"timestamp": "2025-12-04T15:52:47.249403183Z", "hex": "581493", "flight": "SIM793", "is_simulated": true, "lat": 41.2863, "lon": 2.0886, "altitude": 0, "speed": 0, "heading": 85, "vertical_rate": 0, "on_ground": true, "anomaly_flags": [], "source": "co_atc_api"}
{"timestamp": "2025-12-04T15:52:47.249403183Z", "hex": "441E0F", "flight": "SIM518", "is_simulated": true, "lat": 41.2916, "lon": 2.0743, "altitude": 0, "speed": 0, "heading": 85, "vertical_rate": 0, "on_ground": true, "anomaly_flags": [], "source": "co_atc_api"}
{"timestamp": "2025-12-04T15:52:48.256146537Z", "hex": "581493", "flight": "SIM793", "is_simulated": true, "lat": 41.2863, "lon": 2.0886, "altitude": 0, "speed": 0, "heading": 85, "vertical_rate": 0, "on_ground": true, "anomaly_flags": [], "source": "co_atc_api"}
{"timestamp": "2025-12-04T15:52:48.256146537Z", "hex": "441E0F", "flight": "SIM518", "is_simulated": true, "lat": 41.2916, "lon": 2.0743, "altitude": 0, "speed": 0, "heading": 85, "vertical_rate": 0, "on_ground": true, "anomaly_flags": [], "source": "co_atc_api"}
{"timestamp": "2025-12-04T15:52:49.261730238Z", "hex": "581493", "flight": "SIM793", "is_simulated": true, "lat": 41.2863, "lon": 2.0886, "altitude": 0, "speed": 0, "heading": 85, "vertical_rate": 0, "on_ground": true, "anomaly_flags": [], "source": "co_atc_api"}
{"timestamp": "2025-12-04T15:52:49.261730238Z", "hex": "441E0F", "flight": "SIM518", "is_simulated": true, "lat": 41.2916, "lon": 2.0743, "altitude": 0, "speed": 0, "heading": 85, "vertical_rate": 0, "on_ground": true, "anomaly_flags": [], "source": "co_atc_api"}
{"timestamp": "2025-12-04T15:52:50.267479334Z", "hex": "581493", "flight": "SIM793", "is_simulated": true, "lat": 41.2863, "lon": 2.0886, "altitude": 0, "speed": 0, "heading": 85, "vertical_rate": 0, "on_ground": true, "anomaly_flags": [], "source": "co_atc_api"}
{"timestamp": "2025-12-04T15:52:50.267479334Z", "hex": "441E0F", "flight": "SIM518", "is_simulated": true, "lat": 41.2916, "lon": 2.0743, "altitude": 0, "speed": 0, "heading": 85, "vertical_rate": 0, "on_ground": true, "anomaly_flags": [], "source": "co_atc_api"}
{"timestamp": "2025-12-04T15:52:51.272391272Z", "hex": "441E0F", "flight": "SIM518", "is_simulated": true, "lat": 41.2916, "lon": 2.0743, "altitude": 0, "speed": 0, "heading": 85, "vertical_rate": 0, "on_ground": true, "anomaly_flags": [], "source": "co_atc_api"}
{"timestamp": "2025-12-04T15:52:51.272391272Z", "hex": "581493", "flight": "SIM793", "is_simulated": true, "lat": 41.2863, "lon": 2.0886, "altitude": 0, "speed": 0, "heading": 85, "vertical_rate": 0, "on_ground": true, "anomaly_flags": [], "source": "co_atc_api"}
{"timestamp": "2025-12-04T15:52:52.279247147Z", "hex": "581493", "flight": "SIM793", "is_simulated": true, "lat": 41.2863, "lon": 2.0886, "altitude": 0, "speed": 0, "heading": 85, "vertical_rate": 0, "on_ground": true, "anomaly_flags": [], "source": "co_atc_api"}
{"timestamp": "2025-12-04T15:52:52.279247147Z", "hex": "441E0F", "flight": "SIM518", "is_simulated": true, "lat": 41.2916, "lon": 2.0743, "altitude": 0, "speed": 0, "heading": 85, "vertical_rate": 0, "on_ground": true, "anomaly_flags": [], "source": "co_atc_api"}
{"timestamp": "2025-12-04T15:52:52.279247147Z", "hex": "4F156B", "flight": "SIM966", "is_simulated": true, "lat": 41.2863, "lon": 2.0886, "altitude": 0, "speed": 0, "heading": 85, "vertical_rate": 0, "on_ground": true, "anomaly_flags": [], "source": "co_atc_api"}
{"timestamp": "2025-12-04T15:52:53.285361244Z", "hex": "441E0F", "flight": "SIM518", "is_simulated": true, "lat": 41.2916, "lon": 2.0743, "altitude": 0, "speed": 0, "heading": 85, "vertical_rate": 0, "on_ground": true, "anomaly_flags": [], "source": "co_atc_api"}
{"timestamp": "2025-12-04T15:52:53.285361244Z", "hex": "4F156B", "flight": "SIM966", "is_simulated": true, "lat": 41.2863, "lon": 2.0886, "altitude": 0, "speed": 0, "heading": 85, "vertical_rate": 0, "on_ground": true, "anomaly_flags": [], "source": "co_atc_api"}
{"timestamp": "2025-12-04T15:52:53.285361244Z", "hex": "581493", "flight": "SIM793", "is_simulated": true, "lat": 41.2863, "lon": 2.0886, "altitude": 0, "speed": 0, "heading": 85, "vertical_rate": 0, "on_ground": true, "anomaly_flags": [], "source": "co_atc_api"}
{"timestamp": "2025-12-04T15:52:54.291073776Z", "hex": "581493", "flight": "SIM793", "is_simulated": true, "lat": 41.2863, "lon": 2.0886, "altitude": 0, "speed": 0, "heading": 85, "vertical_rate": 0, "on_ground": true, "anomaly_flags": [], "source": "co_atc_api"}
{"timestamp": "2025-12-04T15:52:54.291073776Z", "hex": "441E0F", "flight": "SIM518", "is_simulated": true, "lat": 41.2916, "lon": 2.0743, "altitude": 0, "speed": 0, "heading": 85, "vertical_rate": 0, "on_ground": true, "anomaly_flags": [], "source": "co_atc_api"}
{"timestamp": "2025-12-04T15:52:54.291073776Z", "hex": "4F156B", "flight": "SIM966", "is_simulated": true, "lat": 41.2863, "lon": 2.0886, "altitude": 0, "speed": 0, "heading": 85, "vertical_rate": 0, "on_ground": true, "anomaly_flags": [], "source": "co_atc_api"}
{"timestamp": "2025-12-04T15:52:55.29730117Z", "hex": "581493", "flight": "SIM793", "is_simulated": true, "lat": 41.2863, "lon": 2.0886, "altitude": 0, "speed": 0, "heading": 85, "vertical_rate": 0, "on_ground": true, "anomaly_flags": [], "source": "co_atc_api"}
{"timestamp": "2025-12-04T15:52:55.29730117Z", "hex": "441E0F", "flight": "SIM518", "is_simulated": true, "lat": 41.2916, "lon": 2.0743, "altitude": 0, "speed": 0, "heading": 85, "vertical_rate": 0, "on_ground": true, "anomaly_flags": [], "source": "co_atc_api"}
{"timestamp": "2025-12-04T15:52:55.29730117Z", "hex": "4F156B", "flight": "SIM966", "is_simulated": true, "lat": 41.2863, "lon": 2.0886, "altitude": 0, "speed": 0, "heading": 85, "vertical_rate": 0, "on_ground": true, "anomaly_flags": [], "source": "co_atc_api"}
{"timestamp": "2025-12-04T15:52:56.30368072Z", "hex": "441E0F", "flight": "SIM518", "is_simulated": true, "lat": 41.2916, "lon": 2.0743, "altitude": 0, "speed": 0, "heading": 85, "vertical_rate": 0, "on_ground": true, "anomaly_flags": [], "source": "co_atc_api"}
{"timestamp": "2025-12-04T15:52:56.30368072Z", "hex": "4F156B", "flight": "SIM966", "is_simulated": true, "lat": 41.2863, "lon": 2.0886, "altitude": 0, "speed": 0, "heading": 85, "vertical_rate": 0, "on_ground": true, "anomaly_flags": [], "source": "co_atc_api"}
{"timestamp": "2025-12-04T15:52:56.30368072Z", "hex": "581493", "flight": "SIM793", "is_simulated": true, "lat": 41.2863, "lon": 2.0886, "altitude": 0, "speed": 0, "heading": 85, "vertical_rate": 0, "on_ground": true, "anomaly_flags": [], "source": "co_atc_api"}
{"timestamp": "2025-12-04T15:52:57.309301906Z", "hex": "4F156B", "flight": "SIM966", "is_simulated": true, "lat": 41.2863, "lon": 2.0886, "altitude": 0, "speed": 0, "heading": 85, "vertical_rate": 0, "on_ground": true, "anomaly_flags": [], "source": "co_atc_api"}
{"timestamp": "2025-12-04T15:52:57.309301906Z", "hex": "581493", "flight": "SIM793", "is_simulated": true, "lat": 41.2863, "lon": 2.0886, "altitude": 0, "speed": 0, "heading": 85, "vertical_rate": 0, "on_ground": true, "anomaly_flags": [], "source": "co_atc_api"}
{"timestamp": "2025-12-04T15:52:57.309301906Z", "hex": "441E0F", "flight": "SIM518", "is_simulated": true, "lat": 41.2916, "lon": 2.0743, "altitude": 0, "speed": 0, "heading": 85, "vertical_rate": 0, "on_ground": true, "anomaly_flags": [], "source": "co_atc_api"}
{"timestamp": "2025-12-04T15:52:58.316212022Z", "hex": "581493", "flight": "SIM793", "is_simulated": true, "lat": 41.2863, "lon": 2.0886, "altitude": 0, "speed": 0, "heading": 85, "vertical_rate": 0, "on_ground": true, "anomaly_flags": [], "source": "co_atc_api"}
{"timestamp": "2025-12-04T15:52:58.316212022Z", "hex": "441E0F", "flight": "SIM518", "is_simulated": true, "lat": 41.2916, "lon": 2.0743, "altitude": 0, "speed": 0, "heading": 85, "vertical_rate": 0, "on_ground": true, "anomaly_flags": [], "source": "co_atc_api"}
{"timestamp": "2025-12-04T15:52:58.316212022Z", "hex": "4F156B", "flight": "SIM966", "is_simulated": true, "lat": 41.2863, "lon": 2.0886, "altitude": 0, "speed": 0, "heading": 85, "vertical_rate": 0, "on_ground": true, "anomaly_flags": [], "source": "co_atc_api"}
{"timestamp": "2025-12-04T15:52:59.322403743Z", "hex": "581493", "flight": "SIM793", "is_simulated": true, "lat": 41.2863, "lon": 2.0886, "altitude": 0, "speed": 0, "heading": 85, "vertical_rate": 0, "on_ground": true, "anomaly_flags": [], "source": "co_atc_api"}
{"timestamp": "2025-12-04T15:52:59.322403743Z", "hex": "441E0F", "flight": "SIM518", "is_simulated": true, "lat": 41.2916, "lon": 2.0743, "altitude": 0, "speed": 0, "heading": 85, "vertical_rate": 0, "on_ground": true, "anomaly_flags": [], "source": "co_atc_api"}
{"timestamp": "2025-12-04T15:52:59.322403743Z", "hex": "4F156B", "flight": "SIM966", "is_simulated": true, "lat": 41.2863, "lon": 2.0886, "altitude": 0, "speed": 0, "heading": 85, "vertical_rate": 0, "on_ground": true, "anomaly_flags": [], "source": "co_atc_api"}
{"timestamp": "2025-12-04T15:53:00.329063811Z", "hex": "581493", "flight": "SIM793", "is_simulated": true, "lat": 41.2863, "lon": 2.0886, "altitude": 0, "speed": 0, "heading": 85, "vertical_rate": 0, "on_ground": true, "anomaly_flags": [], "source": "co_atc_api"}
{"timestamp": "2025-12-04T15:53:00.329063811Z", "hex": "441E0F", "flight": "SIM518", "is_simulated": true, "lat": 41.2916, "lon": 2.0743, "altitude": 0, "speed": 0, "heading": 85, "vertical_rate": 0, "on_ground": true, "anomaly_flags": [], "source": "co_atc_api"}
{"timestamp": "2025-12-04T15:53:00.329063811Z", "hex": "4F156B", "flight": "SIM966", "is_simulated": true, "lat": 41.2863, "lon": 2.0886, "altitude": 0, "speed": 0, "heading": 85, "vertical_rate": 0, "on_ground": true, "anomaly_flags": [], "source": "co_atc_api"}
{"timestamp": "2025-12-04T15:53:01.334930315Z", "hex": "581493", "flight": "SIM793", "is_simulated": true, "lat": 41.2863, "lon": 2.0886, "altitude": 0, "speed": 0, "heading": 85, "vertical_rate": 0, "on_ground": true, "anomaly_flags": [], "source": "co_atc_api"}
{"timestamp": "2025-12-04T15:53:01.334930315Z", "hex": "441E0F", "flight": "SIM518", "is_simulated": true, "lat": 41.2916, "lon": 2.0743, "altitude": 0, "speed": 0, "heading": 85, "vertical_rate": 0, "on_ground": true, "anomaly_flags": [], "source": "co_atc_api"}
{"timestamp": "2025-12-04T15:53:01.334930315Z", "hex": "4F156B", "flight": "SIM966", "is_simulated": true, "lat": 41.2863, "lon": 2.0886, "altitude": 0, "speed": 0, "heading": 85, "vertical_rate": 0, "on_ground": true, "anomaly_flags": [], "source": "co_atc_api"}
{"timestamp": "2025-12-04T15:53:02.3416078Z", "hex": "581493", "flight": "SIM793", "is_simulated": true, "lat": 41.285267606798676, "lon": 2.0906464956786412, "altitude": 55.02750865738956, "speed": 200, "heading": 123.87552514007217, "vertical_rate": 1650.523741219379, "on_ground": false, "anomaly_flags": [], "source": "co_atc_api"}
{"timestamp": "2025-12-04T15:53:02.3416078Z", "hex": "441E0F", "flight": "SIM518", "is_simulated": true, "lat": 41.2916, "lon": 2.0743, "altitude": 0, "speed": 0, "heading": 85, "vertical_rate": 0, "on_ground": true, "anomaly_flags": [], "source": "co_atc_api"}
{"timestamp": "2025-12-04T15:53:02.3416078Z", "hex": "4F156B", "flight": "SIM966", "is_simulated": true, "lat": 41.2863, "lon": 2.0886, "altitude": 0, "speed": 0, "heading": 85, "vertical_rate": 0, "on_ground": true, "anomaly_flags": [], "source": "co_atc_api"}
{"timestamp": "2025-12-04T15:53:02.3416078Z", "hex": "E2C426", "flight": "SIM180", "is_simulated": true, "lat": 41.2916, "lon": 2.0743, "altitude": 0, "speed": 0, "heading": 85, "vertical_rate": 0, "on_ground": true, "anomaly_flags": [], "source": "co_atc_api"}
{"timestamp": "2025-12-04T15:53:03.347314873Z", "hex": "4F156B", "flight": "SIM966", "is_simulated": true, "lat": 41.2863, "lon": 2.0886, "altitude": 0, "speed": 0, "heading": 85, "vertical_rate": 0, "on_ground": true, "anomaly_flags": [], "source": "co_atc_api"}
{"timestamp": "2025-12-04T15:53:03.347314873Z", "hex": "E2C426", "flight": "SIM180", "is_simulated": true, "lat": 41.2916, "lon": 2.0743, "altitude": 0, "speed": 0, "heading": 85, "vertical_rate": 0, "on_ground": true, "anomaly_flags": [], "source": "co_atc_api"}
{"timestamp": "2025-12-04T15:53:03.347314873Z", "hex": "581493", "flight": "SIM793", "is_simulated": true, "lat": 41.285267606798676, "lon": 2.0906464956786412, "altitude": 55.02750865738956, "speed": 200, "heading": 123.87552514007217, "vertical_rate": 1650.523741219379, "on_ground": false, "anomaly_flags": [], "source": "co_atc_api"}
{"timestamp": "2025-12-04T15:53:03.347314873Z", "hex": "441E0F", "flight": "SIM518", "is_simulated": true, "lat": 41.2916, "lon": 2.0743, "altitude": 0, "speed": 0, "heading": 85, "vertical_rate": 0, "on_ground": true, "anomaly_flags": [], "source": "co_atc_api"}
{"timestamp": "2025-12-04T15:53:04.353499652Z", "hex": "581493", "flight": "SIM793", "is_simulated": true, "lat": 41.28423568708149, "lon": 2.092692020413377, "altitude": 110.02978017407511, "speed": 200, "heading": 123.87552514007217, "vertical_rate": 1650.523741219379, "on_ground": false, "anomaly_flags": [], "source": "co_atc_api"}
{"timestamp": "2025-12-04T15:53:04.353499652Z", "hex": "441E0F", "flight": "SIM518", "is_simulated": true, "lat": 41.2916, "lon": 2.0743, "altitude": 0, "speed": 0, "heading": 85, "vertical_rate": 0, "on_ground": true, "anomaly_flags": [], "source": "co_atc_api"}
{"timestamp": "2025-12-04T15:53:04.353499652Z", "hex": "4F156B", "flight": "SIM966", "is_simulated": true, "lat": 41.2863, "lon": 2.0886, "altitude": 0, "speed": 0, "heading": 85, "vertical_rate": 0, "on_ground": true, "anomaly_flags": [], "source": "co_atc_api"}
{"timestamp": "2025-12-04T15:53:04.353499652Z", "hex": "E2C426", "flight": "SIM180", "is_simulated": true, "lat": 41.2916, "lon": 2.0743, "altitude": 0, "speed": 0, "heading": 85, "vertical_rate": 0, "on_ground": true, "anomaly_flags": [], "source": "co_atc_api"}
{"timestamp": "2025-12-04T15:53:05.360625084Z", "hex": "E2C426", "flight": "SIM180", "is_simulated": true, "lat": 41.2916, "lon": 2.0743, "altitude": 0, "speed": 0, "heading": 85, "vertical_rate": 0, "on_ground": true, "anomaly_flags": [], "source": "co_atc_api"}
{"timestamp": "2025-12-04T15:53:05.360625084Z", "hex": "581493", "flight": "SIM793", "is_simulated": true, "lat": 41.28423568708149, "lon": 2.092692020413377, "altitude": 110.02978017407511, "speed": 200, "heading": 123.87552514007217, "vertical_rate": 1650.523741219379, "on_ground": false, "anomaly_flags": [], "source": "co_atc_api"}
{"timestamp": "2025-12-04T15:53:05.360625084Z", "hex": "441E0F", "flight": "SIM518", "is_simulated": true, "lat": 41.2916, "lon": 2.0743, "altitude": 0, "speed": 0, "heading": 85, "vertical_rate": 0, "on_ground": true, "anomaly_flags": [], "source": "co_atc_api"}
{"timestamp": "2025-12-04T15:53:05.360625084Z", "hex": "4F156B", "flight": "SIM966", "is_simulated": true, "lat": 41.2863, "lon": 2.0886, "altitude": 0, "speed": 0, "heading": 85, "vertical_rate": 0, "on_ground": true, "anomaly_flags": [], "source": "co_atc_api"}
{"timestamp": "2025-12-04T15:53:06.368411252Z", "hex": "441E0F", "flight": "SIM518", "is_simulated": true, "lat": 41.2916, "lon": 2.0743, "altitude": 0, "speed": 0, "heading": 85, "vertical_rate": 0, "on_ground": true, "anomaly_flags": [], "source": "co_atc_api"}
{"timestamp": "2025-12-04T15:53:06.368411252Z", "hex": "4F156B", "flight": "SIM966", "is_simulated": true, "lat": 41.2863, "lon": 2.0886, "altitude": 0, "speed": 0, "heading": 85, "vertical_rate": 0, "on_ground": true, "anomaly_flags": [], "source": "co_atc_api"}
{"timestamp": "2025-12-04T15:53:06.368411252Z", "hex": "E2C426", "flight": "SIM180", "is_simulated": true, "lat": 41.2916, "lon": 2.0743, "altitude": 0, "speed": 0, "heading": 85, "vertical_rate": 0, "on_ground": true, "anomaly_flags": [], "source": "co_atc_api"}
{"timestamp": "2025-12-04T15:53:06.368411252Z", "hex": "581493", "flight": "SIM793", "is_simulated": true, "lat": 41.28320352177444, "lon": 2.0947379996136455, "altitude": 165.04514185700862, "speed": 200, "heading": 123.87552514007217, "vertical_rate": 1650.523741219379, "on_ground": false, "anomaly_flags": [], "source": "co_atc_api"}
